// Jest Snapshot v1, https://goo.gl/fbAQLP

exports[`renders Chartdata component snapshot 1`] = `
<DocumentFragment>
  <div
    class="App"
  >
    <h1>
      All Cryptocurrencies
    </h1>
    <input
      placeholder="Search..."
      type="text"
    />
    <table>
      <thead>
        <tr>
          <td>
            Rank
          </td>
          <td>
            Name
          </td>
          <td>
            Symbol
          </td>
          <td>
            Market Cap
          </td>
          <td>
            Price
          </td>
          <td>
            Watchlist
          </td>
        </tr>
      </thead>
      <tbody />
    </table>
    <div
      class="pagination"
    >
      <button>
        1
      </button>
    </div>
  </div>
</DocumentFragment>
`;
